[www.studioolimpo.it/index.html]
[backblue.gif]
[fade.gif]
[index.html]
[cdn.prod.website-files.com/6783d77212b58244ace7036d/css/studio-olimpo-e11a8f.webflow.5058991ee.css]
[cdn.prod.website-files.com/6783d77212b58244ace7036d/6783d78ec9a42a48f4660781_Studio Olimpo_Favicon_1.png]
[cdn.prod.website-files.com/6783d77212b58244ace7036d/6783d792c9a42a48f4660918_Studio Olimpo_Webclip_1.png]
[cs.iubenda.com/autoblocking/3924370.js]
[cdn.iubenda.com/cs/iubenda_cs.js]
[unpkg.com/lenis@1.1.9/dist/lenis.css]
[cdn.prod.website-files.com/6783d77212b58244ace7036d/66ba5a08efe71070f98dd10a/67a9c2ffa0a2464b49112449/4j60sckdme-1.1.1.js]
[www.studioolimpo.it/about.html]
[www.studioolimpo.it/works.html]
[www.studioolimpo.it/contact.html]
[cdn.prod.website-files.com/6783d77212b58244ace7036d/67a5e6e541e2f034e1ecb781_StudioOlimpo_Loading_01.jpg]
[cdn.prod.website-files.com/6783d77212b58244ace7036d/67a5e6e828d0b9d78e2aa009_StudioOlimpo_Loading_02.jpg]
[cdn.prod.website-files.com/6783d77212b58244ace7036d/67a6546c72a49c2bfd2bee8e_StudioOlimpo_Loading_03bis.jpg]
[cdn.prod.website-files.com/6783d77212b58244ace7036d/67a5e6edf7a0ece74ab79f80_StudioOlimpo_Loading_04.jpg]
[cdn.prod.website-files.com/6783d77212b58244ace7036d/67a5e6efe6bbc30a3f266276_StudioOlimpo_Loading_05.jpg]
[cdn.prod.website-files.com/6783d77212b58244ace7036d/67a5e6f196e5a0734b1a2481_StudioOlimpo_Loading_06.jpg]
[cdn.prod.website-files.com/6783d77212b58244ace7036d/67a5e6f37e030e62caf581b1_StudioOlimpo_Loading_07.jpg]
[cdn.prod.website-files.com/6783d77212b58244ace7036d/67a5e6f52b174c10daabfdb8_StudioOlimpo_Loading_08.jpg]
[d3e54v103j8qbb.cloudfront.net/js/jquery-3.5.1.min.dc5e7f18c8af24.js]
[cdn.prod.website-files.com/6783d77212b58244ace7036d/js/webflow.schunk.da2a71223c5dec6e.js]
[cdn.prod.website-files.com/6783d77212b58244ace7036d/js/webflow.751e0867.fcb9e19f4949510c.js]
[cdn.jsdelivr.net/gh/lumosframework/scripts@v1.0.5/themes.js]
[cdnjs.cloudflare.com/ajax/libs/gsap/3.12.5/gsap.min.js]
[cdnjs.cloudflare.com/ajax/libs/gsap/3.12.5/ScrollTrigger.min.js]
[cdn.jsdelivr.net/npm/gsap@3.12.5/dist/CustomEase.min.js]
[cdnjs.cloudflare.com/ajax/libs/gsap/3.12.2/EasePack.min.js]
[cdn.jsdelivr.net/npm/@barba/core@2.9.0/dist/barba.umd.min.js]
[unpkg.com/lenis@1.1.9/dist/lenis.min.js]
[cdn.jsdelivr.net/gh/timothydesign/script/split-type.js]
[www.studioolimpo.it/index.html]
[cdn.prod.website-files.com/6783d77212b58244ace7036d/css/studio-olimpo-e11a8f.webflow.5058991ee.css]
[unpkg.com/lenis@1.1.9/dist/lenis.css]
[www.studioolimpo.it/about.html]
[cdn.jsdelivr.net/gh/studioolimpo/Studio-Olimpo@v2.10/index.js]
[www.studioolimpo.it/retroscena.html]
[www.studioolimpo.it/scarpe-carrioli.html]
[www.studioolimpo.it/controluce.html]
[www.studioolimpo.it/works.html]
[www.studioolimpo.it/contact.html]
[www.studioolimpo.it/ristorante-larcade.html]
[cdn.prod.website-files.com/6783d77212b58244ace7036d/67a39e3272943914f626025f_StudioOlimpo_Retroscena_09.jpg]
[www.studioolimpo.it/retroscena.html]
[cdn.prod.website-files.com/6783d77212b58244ace7036d/67a24fd4642b0a1967f3265b_StudioOlimpo_ScarpeCarrioli_StopMotion_05_1.jpg]
[cdn.prod.website-files.com/6783d77212b58244ace7036d/67a24fd72b5352d8e0ae0d22_StudioOlimpo_ScarpeCarrioli_StopMotion_05_2.jpg]
[www.studioolimpo.it/scarpe-carrioli.html]
[cdn.prod.website-files.com/6783d77212b58244ace7036d/67a8df9bcdd60538ebd5200c_StudioOlimpo_Controluce_04.jpg]
[www.studioolimpo.it/controluce.html]
[www.studioolimpo.it/ristorante-larcade.html]
